// Jest Snapshot v1, https://goo.gl/fbAQLP

exports[`<Highlight /> should render correctly 1`] = `
.c0 {
  position: relative;
  height: 23rem;
  display: grid;
  grid-template-areas: 'floatimage container';
  grid-template-columns: 1.3fr 2fr;
}

.c0 img {
  position: absolute;
}

.c0::after {
  content: '';
  position: absolute;
  width: 100%;
  height: 100%;
  background-color: rgba(0,0,0,0.6);
}

.c0 .c1 {
  text-align: right;
}

.c2 {
  grid-area: container;
  z-index: 10;
  padding: 1.6rem;
}

.c3 {
  color: #FAFAFA;
  font-size: 1.8rem;
  font-weight: 600;
}

.c4 {
  color: #FAFAFA;
  font-size: 1.4rem;
  font-weight: 300;
  margin-bottom: 3.2rem;
}

.c5 {
  cursor: pointer;
  display: -webkit-inline-box;
  display: -webkit-inline-flex;
  display: -ms-inline-flexbox;
  display: inline-flex;
  -webkit-align-items: center;
  -webkit-box-align: center;
  -ms-flex-align: center;
  align-items: center;
  -webkit-box-pack: center;
  -webkit-justify-content: center;
  -ms-flex-pack: center;
  justify-content: center;
  color: #FAFAFA;
  background: linear-gradient(180deg,#ff5f5f 0%,#f062c0 50%);
  border: none;
  border-radius: 0.4rem;
  -webkit-text-decoration: none;
  text-decoration: none;
  height: 4rem;
  font-size: 1.4rem;
  padding: 0.8rem 3.2rem;
}

.c5:hover {
  background: linear-gradient(180deg,#e35565 0%,#d958a6 50%);
}

@media (min-width:768px) {
  .c0 {
    height: 32rem;
  }
}

@media (min-width:768px) {
  .c2 {
    -webkit-align-self: end;
    -ms-flex-item-align: end;
    align-self: end;
    padding: 4.0rem;
  }
}

@media (min-width:768px) {
  .c3 {
    font-size: 2.8rem;
  }
}

@media (min-width:768px) {
  .c4 {
    font-size: 1.8rem;
  }
}

<div>
  <section
    class="c0"
  >
    <img
      alt="Heading 1"
      layout="fill"
      src="/img/red-dead-img.jpg"
    />
    <div
      class="c1 c2"
    >
      <h2
        class="c3"
      >
        Heading 1
      </h2>
      <h3
        class="c4"
      >
        Heading 2
      </h3>
      <a
        class="c5"
        href="/buy-now"
      >
        <span>
          Buy Now
        </span>
      </a>
    </div>
  </section>
</div>
`;
